<?xml version="1.0" encoding="utf-8"?><testsuites><testsuite name="pytest" errors="0" failures="0" skipped="0" tests="0" time="0.225" timestamp="2023-10-10T11:40:42.883355" hostname="DESKTOP-HR00K2A" /></testsuites>
